[rockstheme.com/rocks/paiment-live/index.html]
[backblue.gif]
[fade.gif]
[index.html]
[rockstheme.com/rocks/paiment-live/img/logo/favicon.ico]
[rockstheme.com/rocks/paiment-live/css/bootstrap.min.css]
[rockstheme.com/rocks/paiment-live/css/owl.carousel.css]
[rockstheme.com/rocks/paiment-live/css/owl.transitions.css]
[rockstheme.com/rocks/paiment-live/css/animate.css]
[rockstheme.com/rocks/paiment-live/css/meanmenu.min.css]
[rockstheme.com/rocks/paiment-live/css/nice-select.css]
[rockstheme.com/rocks/paiment-live/css/font-awesome.min.css]
[rockstheme.com/rocks/paiment-live/css/themify-icons.css]
[rockstheme.com/rocks/paiment-live/css/flaticon.css]
[rockstheme.com/rocks/paiment-live/css/magnific.min.css]
[rockstheme.com/rocks/paiment-live/style.css]
[rockstheme.com/rocks/paiment-live/css/responsive.css]
[rockstheme.com/rocks/paiment-live/js/vendor/modernizr-2.8.3.min.js]
[rockstheme.com/rocks/paiment-live/index-2.html]
[rockstheme.com/rocks/paiment-live/img/logo/logo3.png]
[rockstheme.com/rocks/paiment-live/img/logo/logo.png]
[rockstheme.com/rocks/paiment-live/login.html]
[rockstheme.com/rocks/paiment-live/index-3.html]
[rockstheme.com/rocks/paiment-live/about.html]
[rockstheme.com/rocks/paiment-live/team.html]
[rockstheme.com/rocks/paiment-live/faq.html]
[rockstheme.com/rocks/paiment-live/pricing.html]
[rockstheme.com/rocks/paiment-live/signup.html]
[rockstheme.com/rocks/paiment-live/feature.html]
[rockstheme.com/rocks/paiment-live/blog.html]
[rockstheme.com/rocks/paiment-live/blog-sidebar.html]
[rockstheme.com/rocks/paiment-live/blog-details.html]
[rockstheme.com/rocks/paiment-live/contact.html]
[rockstheme.com/rocks/paiment-live/img/feature/f1.png]
[rockstheme.com/rocks/paiment-live/img/feature/f2.png]
[rockstheme.com/rocks/paiment-live/img/client/1.png]
[rockstheme.com/rocks/paiment-live/img/client/2.png]
[rockstheme.com/rocks/paiment-live/img/client/3.png]
[rockstheme.com/rocks/paiment-live/img/client/4.png]
[rockstheme.com/rocks/paiment-live/img/client/5.png]
[rockstheme.com/rocks/paiment-live/img/client/6.png]
[rockstheme.com/rocks/paiment-live/img/client/7.png]
[rockstheme.com/rocks/paiment-live/img/client/8.png]
[rockstheme.com/rocks/paiment-live/img/client/9.png]
[rockstheme.com/rocks/paiment-live/img/client/10.png]
[rockstheme.com/rocks/paiment-live/img/about/ab1.png]
[rockstheme.com/rocks/paiment-live/js/vendor/jquery-1.12.4.min.js]
[rockstheme.com/rocks/paiment-live/js/bootstrap.min.js]
[rockstheme.com/rocks/paiment-live/js/owl.carousel.min.js]
[rockstheme.com/rocks/paiment-live/js/jquery.stellar.min.js]
[rockstheme.com/rocks/paiment-live/js/jquery.counterup.min.js]
[rockstheme.com/rocks/paiment-live/js/waypoints.js]
[rockstheme.com/rocks/paiment-live/js/jquery.nice-select.min.js]
[rockstheme.com/rocks/paiment-live/js/magnific.min.js]
[rockstheme.com/rocks/paiment-live/js/wow.min.js]
[rockstheme.com/rocks/paiment-live/js/jquery.meanmenu.js]
[rockstheme.com/rocks/paiment-live/js/form-validator.min.js]
[rockstheme.com/rocks/paiment-live/js/plugins.js]
[rockstheme.com/rocks/paiment-live/js/main.js]
[rockstheme.com/rocks/paiment-live/index.html]
[rockstheme.com/rocks/paiment-live/css/bootstrap.min.css]
[rockstheme.com/rocks/paiment-live/css/owl.carousel.css]
[rockstheme.com/rocks/paiment-live/css/owl.transitions.css]
[rockstheme.com/rocks/paiment-live/css/animate.css]
[rockstheme.com/rocks/paiment-live/css/meanmenu.min.css]
[rockstheme.com/rocks/paiment-live/css/nice-select.css]
[rockstheme.com/rocks/paiment-live/fonts/fontawesome-webfont3295.eot]
[rockstheme.com/rocks/paiment-live/fonts/fontawesome-webfontd41d.eot]
[rockstheme.com/rocks/paiment-live/fonts/fontawesome-webfont3295.woff2]
[rockstheme.com/rocks/paiment-live/fonts/fontawesome-webfont3295.woff]
[rockstheme.com/rocks/paiment-live/fonts/fontawesome-webfont3295.ttf]
[rockstheme.com/rocks/paiment-live/css/font-awesome.min.css]
[rockstheme.com/rocks/paiment-live/fonts/themify.eot]
[rockstheme.com/rocks/paiment-live/fonts/fontawesome-webfont3295.svg]
[rockstheme.com/rocks/paiment-live/fonts/themifyd41d.eot]
[rockstheme.com/rocks/paiment-live/fonts/themify.woff]
[rockstheme.com/rocks/paiment-live/fonts/themify.ttf]
[rockstheme.com/rocks/paiment-live/css/themify-icons.css]
[rockstheme.com/rocks/paiment-live/fonts/themify.svg]
[rockstheme.com/rocks/paiment-live/fonts/Flaticon.eot]
[rockstheme.com/rocks/paiment-live/fonts/Flaticond41d.eot]
[rockstheme.com/rocks/paiment-live/fonts/Flaticon.woff]
[rockstheme.com/rocks/paiment-live/fonts/Flaticon.ttf]
[rockstheme.com/rocks/paiment-live/css/flaticon.css]
[rockstheme.com/rocks/paiment-live/css/magnific.min.css]
[rockstheme.com/rocks/paiment-live/img/logo/preloader.gif]
[rockstheme.com/rocks/paiment-live/fonts/Flaticon.svg]
[rockstheme.com/rocks/paiment-live/img/slider/h1.jpg]
[rockstheme.com/rocks/paiment-live/img/about/shape-bg.png]
[rockstheme.com/rocks/paiment-live/img/about/ab2.jpg]
[rockstheme.com/rocks/paiment-live/img/background/bg1.jpg]
[rockstheme.com/rocks/paiment-live/img/about/wl.png]
[rockstheme.com/rocks/paiment-live/img/slider/h2.jpg]
[rockstheme.com/rocks/paiment-live/img/background/bread.jpg]
[rockstheme.com/rocks/paiment-live/style.css]
[rockstheme.com/rocks/paiment-live/css/responsive.css]
[rockstheme.com/rocks/paiment-live/index-2.html]
[rockstheme.com/rocks/paiment-live/img/about/log.jpg]
[rockstheme.com/rocks/paiment-live/login.html]
[rockstheme.com/rocks/paiment-live/img/review/1.jpg]
[rockstheme.com/rocks/paiment-live/img/review/2.jpg]
[rockstheme.com/rocks/paiment-live/img/review/3.jpg]
[rockstheme.com/rocks/paiment-live/img/review/4.jpg]
[rockstheme.com/rocks/paiment-live/index-3.html]
[rockstheme.com/rocks/paiment-live/img/about/ab.jpg]
[rockstheme.com/rocks/paiment-live/img/team/t1.jpg]
[rockstheme.com/rocks/paiment-live/img/team/t2.jpg]
[rockstheme.com/rocks/paiment-live/img/team/t3.jpg]
[rockstheme.com/rocks/paiment-live/img/team/t4.jpg]
[rockstheme.com/rocks/paiment-live/about.html]
[rockstheme.com/rocks/paiment-live/img/team/t5.jpg]
[rockstheme.com/rocks/paiment-live/img/team/t6.jpg]
[rockstheme.com/rocks/paiment-live/img/team/t7.jpg]
[rockstheme.com/rocks/paiment-live/img/team/t8.jpg]
[rockstheme.com/rocks/paiment-live/team.html]
[rockstheme.com/rocks/paiment-live/faq.html]
[rockstheme.com/rocks/paiment-live/pricing.html]
[rockstheme.com/rocks/paiment-live/signup.html]
[rockstheme.com/rocks/paiment-live/feature.html]
[rockstheme.com/rocks/paiment-live/img/blog/b1.jpg]
[rockstheme.com/rocks/paiment-live/img/blog/b2.jpg]
[rockstheme.com/rocks/paiment-live/img/blog/b3.jpg]
[rockstheme.com/rocks/paiment-live/img/blog/b4.jpg]
[rockstheme.com/rocks/paiment-live/img/blog/b5.jpg]
[rockstheme.com/rocks/paiment-live/img/blog/b6.jpg]
[rockstheme.com/rocks/paiment-live/blog.html]
[rockstheme.com/rocks/paiment-live/blog-sidebar.html]
[rockstheme.com/rocks/paiment-live/img/blog/avater2.png]
[rockstheme.com/rocks/paiment-live/img/blog/avater1.png]
[rockstheme.com/rocks/paiment-live/blog-details.html]
[rockstheme.com/rocks/paiment-live/js/mapcode.js]
[rockstheme.com/rocks/paiment-live/contact.html]
[rockstheme.com/rocks/paiment-live/css/owl.video.play.html]
[rockstheme.com/rocks/paiment-live/fonts/fontawesome-webfont3295.svg]
[rockstheme.com/rocks/paiment-live/fonts/themify.svg]
[rockstheme.com/rocks/paiment-live/fonts/Flaticon.svg]
[rockstheme.com/rocks/paiment-live/review.html]
[rockstheme.com/rocks/paiment-live/order-from.html]
